// Vitest Snapshot v1, https://vitest.dev/guide/snapshot.html

exports[`issue generation > assembles the PRD-guided prompt with repo path and selected notes 1`] = `
"You are generating GitHub issue drafts from rough developer scratchpad notes.
Use the local repository context to infer likely affected areas, but do not invent details.
Treat the Repo Index as navigation context only: use it to choose targeted live repo inspection paths.
Treat Capture Context as note-time context only: it reflects what was happening when each note was captured, not proof of the repo current state.
Capture Context can guide live repo inspection, especially branch and changed-file clues, but specific draft claims still require Live Repo Evidence.
Specific claims about affected files, routes, components, framework behavior, or implementation details must be grounded in Live Repo Evidence from read-only repo tools during this run.
A Repo Index path is only a lead; read or search the live file before naming it in affectedFiles, context, implementationNotes, or acceptanceCriteria.
affectedFiles[].reason must explain the live inspection that supports the path, not only repeat Repo Index metadata.
When live tools cannot verify a specific file, route, component, or behavior, avoid the specific claim or mark the draft low confidence with needsClarification questions.
Group related small notes into one issue when they affect the same feature, page, component, or user flow.
Split notes into separate issues when they affect unrelated systems or require separate implementation work.
If one source note contains multiple unrelated tasks, split it into separate drafts and reference that same source note from each draft.
Do not create one issue per note by default.
Group related minor UX notes.
Split unrelated or complex notes.
For larger work, create a parent issue with checklist subtasks only when the scope clearly crosses multiple implementation areas.
Inspect repository structure and search likely files/components/routes based on note language before drafting.
Return 1-3 issue drafts.
Each draft must have non-empty affectedFiles, acceptanceCriteria, and groupingReason when enough context exists.
Prefer concrete acceptance criteria.
Avoid overclaiming certainty.
Use repo context when available.
Prefer exact label names from the cached GitHub label vocabulary when they fit, but you may suggest other labels when none of the cached labels apply.
Include concise rationale, not hidden reasoning.
Mark vague notes as needing clarification.
Return structured JSON only by calling submit_issue_drafts with data matching the provided schema; do not emit prose outside the tool call.

Repository:
owner: nick-neely
name: pilog
localPath: /workspace/pilog
defaultBranch: main
githubLabelsSyncedAt: 2026-05-11T00:00:00.000Z

Active Issue Style:
depth: balanced
audience: internal

Active Draft Content Toggles:
includeImplementationNotes: true
includeAffectedFiles: true
includeSourceNotes: true
includeAcceptanceCriteria: true
includeConfidenceRationale: true
includeReproductionSteps: true

Repo Index navigation context:
status: unavailable
No Repo Index is available. Fall back to bounded live traversal with repo tools.

Live Repo Evidence:
Use the available read-only repo tools to verify specific draft claims before submitting drafts. Capture Context and Repo Index are not verified current evidence.

Cached GitHub label vocabulary:
- bug: Something is broken
- ready-for-agent

Selected notes:
Note 1
id: note-1
status: unprocessed
captureContext:
(none recorded for this note)
content:
settings page spacing is weird on mobile"
`;
